[0m21:57:28.399098 [debug] [MainThread]: Sending event: {'category': 'dbt', 'action': 'invocation', 'label': 'start', 'context': [<snowplow_tracker.self_describing_json.SelfDescribingJson object at 0x000002370DB291D0>, <snowplow_tracker.self_describing_json.SelfDescribingJson object at 0x000002370DBD83D0>, <snowplow_tracker.self_describing_json.SelfDescribingJson object at 0x000002370DB10ED0>]}


============================== 21:57:28.405423 | 0dd260bc-4436-472f-a589-68e7661192c0 ==============================
[0m21:57:28.405423 [info ] [MainThread]: Running with dbt=1.12.0-b3
[0m21:57:28.405423 [debug] [MainThread]: running dbt with arguments {'maximum_seed_size_mib': '1', 'no_print': 'None', 'version_check': 'True', 'warn_error_options': 'WarnErrorOptionsV2(error=[], warn=[], silence=[])', 'target_path': 'None', 'static_parser': 'True', 'printer_width': '80', 'write_json': 'True', 'empty': 'None', 'log_cache_events': 'False', 'introspect': 'True', 'cache_selected_only': 'False', 'fail_fast': 'False', 'debug': 'False', 'log_format': 'default', 'profiles_dir': 'C:\\Users\\hp\\.dbt', 'send_anonymous_usage_stats': 'True', 'quiet': 'False', 'warn_error': 'None', 'partial_parse': 'True', 'use_colors': 'True', 'invocation_command': 'dbt debug', 'indirect_selection': 'eager', 'use_experimental_parser': 'False', 'log_path': 'logs'}
[0m21:57:28.445813 [info ] [MainThread]: dbt version: 1.12.0-b3
[0m21:57:28.446799 [info ] [MainThread]: python version: 3.11.9
[0m21:57:28.446799 [info ] [MainThread]: python path: C:\Users\hp\projects\payment-ops-intelligence\.venv\Scripts\python.exe
[0m21:57:28.447797 [info ] [MainThread]: os info: Windows-10-10.0.26200-SP0
[0m21:57:28.451811 [info ] [MainThread]: Error importing adapter: No module named 'dbt.adapters.snowflake'
[0m21:57:28.452798 [info ] [MainThread]: Using profiles dir at C:\Users\hp\.dbt
[0m21:57:28.452798 [info ] [MainThread]: Using profiles.yml file at C:\Users\hp\.dbt\profiles.yml
[0m21:57:28.453798 [info ] [MainThread]: Using dbt_project.yml file at C:\Users\hp\projects\payment-ops-intelligence\dbt_project.yml
[0m21:57:28.453798 [info ] [MainThread]: Configuration:
[0m21:57:28.455094 [info ] [MainThread]:   profiles.yml file [[31mERROR invalid[0m]
[0m21:57:28.457093 [info ] [MainThread]:   dbt_project.yml file [[31mERROR not found[0m]
[0m21:57:28.458558 [info ] [MainThread]: Required dependencies:
[0m21:57:28.460043 [debug] [MainThread]: Executing "git --help"
[0m21:57:28.510277 [debug] [MainThread]: STDOUT: "b"usage: git [-v | --version] [-h | --help] [-C <path>] [-c <name>=<value>]\n           [--exec-path[=<path>]] [--html-path] [--man-path] [--info-path]\n           [-p | --paginate | -P | --no-pager] [--no-replace-objects] [--bare]\n           [--git-dir=<path>] [--work-tree=<path>] [--namespace=<name>]\n           [--config-env=<name>=<envvar>] <command> [<args>]\n\nThese are common Git commands used in various situations:\n\nstart a working area (see also: git help tutorial)\n   clone     Clone a repository into a new directory\n   init      Create an empty Git repository or reinitialize an existing one\n\nwork on the current change (see also: git help everyday)\n   add       Add file contents to the index\n   mv        Move or rename a file, a directory, or a symlink\n   restore   Restore working tree files\n   rm        Remove files from the working tree and from the index\n\nexamine the history and state (see also: git help revisions)\n   bisect    Use binary search to find the commit that introduced a bug\n   diff      Show changes between commits, commit and working tree, etc\n   grep      Print lines matching a pattern\n   log       Show commit logs\n   show      Show various types of objects\n   status    Show the working tree status\n\ngrow, mark and tweak your common history\n   branch    List, create, or delete branches\n   commit    Record changes to the repository\n   merge     Join two or more development histories together\n   rebase    Reapply commits on top of another base tip\n   reset     Reset current HEAD to the specified state\n   switch    Switch branches\n   tag       Create, list, delete or verify a tag object signed with GPG\n\ncollaborate (see also: git help workflows)\n   fetch     Download objects and refs from another repository\n   pull      Fetch from and integrate with another repository or a local branch\n   push      Update remote refs along with associated objects\n\n'git help -a' and 'git help -g' list available subcommands and some\nconcept guides. See 'git help <command>' or 'git help <concept>'\nto read about a specific subcommand or concept.\nSee 'git help git' for an overview of the system.\n""
[0m21:57:28.511024 [debug] [MainThread]: STDERR: "b''"
[0m21:57:28.511024 [info ] [MainThread]:  - git [[32mOK found[0m]

[0m21:57:28.511024 [info ] [MainThread]: Connection test skipped since no profile was found
[0m21:57:28.511024 [info ] [MainThread]: [31m2 checks failed:[0m
[0m21:57:28.511024 [info ] [MainThread]: Could not load dbt_project.yml
Profile loading failed for the following reason:
Runtime Error
  Credentials in profile "dev_ecosystem", target "dev" invalid: Runtime Error
    Could not find adapter type snowflake!


[0m21:57:28.511024 [info ] [MainThread]: Project loading failed for the following reason:
 project path <C:\Users\hp\projects\payment-ops-intelligence\dbt_project.yml> not found

[0m21:57:28.511024 [debug] [MainThread]: Command `dbt debug` failed at 21:57:28.511024 after 0.25 seconds
[0m21:57:28.511024 [debug] [MainThread]: Sending event: {'category': 'dbt', 'action': 'invocation', 'label': 'end', 'context': [<snowplow_tracker.self_describing_json.SelfDescribingJson object at 0x000002370DC98B90>, <snowplow_tracker.self_describing_json.SelfDescribingJson object at 0x000002370DBD7AD0>, <snowplow_tracker.self_describing_json.SelfDescribingJson object at 0x000002370DBD7E10>]}
[0m21:57:28.515427 [debug] [MainThread]: Flushing usage events
[0m21:57:29.745657 [debug] [MainThread]: An error was encountered while trying to flush usage events
[0m21:57:31.833075 [debug] [MainThread]: Sending event: {'category': 'dbt', 'action': 'invocation', 'label': 'start', 'context': [<snowplow_tracker.self_describing_json.SelfDescribingJson object at 0x00000158D69891D0>, <snowplow_tracker.self_describing_json.SelfDescribingJson object at 0x00000158D6B26CD0>, <snowplow_tracker.self_describing_json.SelfDescribingJson object at 0x00000158D69706D0>]}


============================== 21:57:31.833075 | b0eaefea-528e-4b2b-8d2a-10b219bc4bb7 ==============================
[0m21:57:31.833075 [info ] [MainThread]: Running with dbt=1.12.0-b3
[0m21:57:31.833075 [debug] [MainThread]: running dbt with arguments {'maximum_seed_size_mib': '1', 'no_print': 'None', 'static_parser': 'True', 'warn_error_options': 'WarnErrorOptionsV2(error=[], warn=[], silence=[])', 'target_path': 'None', 'version_check': 'True', 'printer_width': '80', 'write_json': 'True', 'introspect': 'True', 'log_cache_events': 'False', 'empty': 'False', 'cache_selected_only': 'False', 'fail_fast': 'False', 'debug': 'False', 'log_format': 'default', 'partial_parse': 'True', 'send_anonymous_usage_stats': 'True', 'quiet': 'False', 'warn_error': 'None', 'profiles_dir': 'C:\\Users\\hp\\.dbt', 'invocation_command': 'dbt run', 'indirect_selection': 'eager', 'use_colors': 'True', 'use_experimental_parser': 'False', 'log_path': 'logs'}
[0m21:57:31.838411 [error] [MainThread]: [[31mERROR[0m]: Encountered an error:
Runtime Error
  No dbt_project.yml found at expected path C:\Users\hp\projects\payment-ops-intelligence\dbt_project.yml
  Verify that each entry within packages.yml (and their transitive dependencies) contains a file named dbt_project.yml
  
[0m21:57:31.839873 [debug] [MainThread]: Command `dbt run` failed at 21:57:31.839873 after 0.09 seconds
[0m21:57:31.839873 [debug] [MainThread]: Sending event: {'category': 'dbt', 'action': 'invocation', 'label': 'end', 'context': [<snowplow_tracker.self_describing_json.SelfDescribingJson object at 0x00000158D6971010>, <snowplow_tracker.self_describing_json.SelfDescribingJson object at 0x00000158D6A37A10>, <snowplow_tracker.self_describing_json.SelfDescribingJson object at 0x00000158D6A3AD50>]}
[0m21:57:31.839873 [debug] [MainThread]: Flushing usage events
[0m21:57:32.847569 [debug] [MainThread]: An error was encountered while trying to flush usage events
